------------------------------------------------------------
Timing Analyzer Summary
------------------------------------------------------------

Type  : Slow 1100mV 85C Model Setup 'ACLK'
Slack : -3.302
TNS   : -666.725

Type  : Slow 1100mV 85C Model Hold 'ACLK'
Slack : 0.374
TNS   : 0.000

Type  : Slow 1100mV 85C Model Minimum Pulse Width 'ACLK'
Slack : -0.724
TNS   : -341.851

Type  : Slow 1100mV 0C Model Setup 'ACLK'
Slack : -3.334
TNS   : -640.782

Type  : Slow 1100mV 0C Model Hold 'ACLK'
Slack : 0.348
TNS   : 0.000

Type  : Slow 1100mV 0C Model Minimum Pulse Width 'ACLK'
Slack : -0.724
TNS   : -343.103

Type  : Fast 1100mV 85C Model Setup 'ACLK'
Slack : -0.942
TNS   : -87.801

Type  : Fast 1100mV 85C Model Hold 'ACLK'
Slack : 0.163
TNS   : 0.000

Type  : Fast 1100mV 85C Model Minimum Pulse Width 'ACLK'
Slack : -0.076
TNS   : -21.815

Type  : Fast 1100mV 0C Model Setup 'ACLK'
Slack : -0.748
TNS   : -53.077

Type  : Fast 1100mV 0C Model Hold 'ACLK'
Slack : 0.147
TNS   : 0.000

Type  : Fast 1100mV 0C Model Minimum Pulse Width 'ACLK'
Slack : -0.079
TNS   : -22.987

------------------------------------------------------------
