------------------------------------------------------------
Timing Analyzer Summary
------------------------------------------------------------

Type  : Slow 1100mV 85C Model Setup 'ACLK'
Slack : -5.112
TNS   : -694.702

Type  : Slow 1100mV 85C Model Hold 'ACLK'
Slack : 0.465
TNS   : 0.000

Type  : Slow 1100mV 85C Model Minimum Pulse Width 'ACLK'
Slack : -0.724
TNS   : -170.625

Type  : Slow 1100mV 0C Model Setup 'ACLK'
Slack : -5.050
TNS   : -686.042

Type  : Slow 1100mV 0C Model Hold 'ACLK'
Slack : 0.442
TNS   : 0.000

Type  : Slow 1100mV 0C Model Minimum Pulse Width 'ACLK'
Slack : -0.724
TNS   : -170.889

Type  : Fast 1100mV 85C Model Setup 'ACLK'
Slack : -1.538
TNS   : -196.106

Type  : Fast 1100mV 85C Model Hold 'ACLK'
Slack : 0.182
TNS   : 0.000

Type  : Fast 1100mV 85C Model Minimum Pulse Width 'ACLK'
Slack : -0.090
TNS   : -12.639

Type  : Fast 1100mV 0C Model Setup 'ACLK'
Slack : -1.311
TNS   : -166.564

Type  : Fast 1100mV 0C Model Hold 'ACLK'
Slack : 0.172
TNS   : 0.000

Type  : Fast 1100mV 0C Model Minimum Pulse Width 'ACLK'
Slack : -0.088
TNS   : -12.798

------------------------------------------------------------
