------------------------------------------------------------
Timing Analyzer Summary
------------------------------------------------------------

Type  : Slow 1100mV 85C Model Setup 'ACLK'
Slack : -0.565
TNS   : -2.205

Type  : Slow 1100mV 85C Model Hold 'ACLK'
Slack : 0.527
TNS   : 0.000

Type  : Slow 1100mV 85C Model Minimum Pulse Width 'ACLK'
Slack : -0.724
TNS   : -5.519

Type  : Slow 1100mV 0C Model Setup 'ACLK'
Slack : -0.645
TNS   : -2.417

Type  : Slow 1100mV 0C Model Hold 'ACLK'
Slack : 0.524
TNS   : 0.000

Type  : Slow 1100mV 0C Model Minimum Pulse Width 'ACLK'
Slack : -0.724
TNS   : -5.644

Type  : Fast 1100mV 85C Model Setup 'ACLK'
Slack : 0.355
TNS   : 0.000

Type  : Fast 1100mV 85C Model Hold 'ACLK'
Slack : 0.181
TNS   : 0.000

Type  : Fast 1100mV 85C Model Minimum Pulse Width 'ACLK'
Slack : -0.066
TNS   : -0.328

Type  : Fast 1100mV 0C Model Setup 'ACLK'
Slack : 0.407
TNS   : 0.000

Type  : Fast 1100mV 0C Model Hold 'ACLK'
Slack : 0.173
TNS   : 0.000

Type  : Fast 1100mV 0C Model Minimum Pulse Width 'ACLK'
Slack : -0.073
TNS   : -0.363

------------------------------------------------------------
